../Src/main.c:45:6:UserTask_1	8	static
../Src/main.c:52:6:UserTask_2	8	static
../Src/main.c:59:6:UserTask_3	8	static
../Src/main.c:66:6:UserTask_4	8	static
../Src/main.c:74:6:initializeSystickTimer	24	static
../Src/main.c:92:29:initializeStackOfSchedulerTask	0	static,ignoring_inline_asm
../Src/main.c:101:6:initializeStackOfUserTasks	24	static
../Src/main.c:140:6:DetermineNextTask	4	static
../Src/main.c:171:6:enable_processor_faults	16	static
../Src/main.c:183:6:HardFault_Handler	8	static
../Src/main.c:188:6:MemManage_Handler	8	static
../Src/main.c:193:6:BusFault_Handler	8	static
../Src/main.c:199:6:setPspCurrentVaue	16	static
../Src/main.c:204:10:getPspOfCurrentTask	4	static
../Src/main.c:210:30:SysTick_Handler	0	static,ignoring_inline_asm
../Src/main.c:237:30:switchSpToPsp	0	static,ignoring_inline_asm
../Src/main.c:260:5:main	8	static
